APP_NAME  TITLE                  X       Y       WIDTH   HEIGHT  STATE      SCREEN
Terminal  peacock — zsh — 80×24  100     200     800     600     normal     Built-in Retina Dis…
Safari    GitHub                 0       0       1440    900     normal     Built-in Retina Dis…
Safari    Apple                  0       0       1200    800     minimized  -
