APP_NAME  TITLE                  X       Y       WIDTH   HEIGHT  STATE      SCREEN
Terminal  peacock — zsh — 80×24  100     200     800     600     normal     Built-in Retina Dis…
Safari    GitHub                 -1920   0       1920    1080    normal     DELL U2720Q
Finder                           0       0       800     600     minimized  -
