"ewogICJzY2hlbWFfdmVyc2lvbiI6IDEsCiAgInN1Y2Nlc3MiOiBmYWxzZSwKICAiZXJyb3IiOiB7CiAgICAiY29kZSI6IDQsCiAgICAibWVzc2FnZSI6ICJhbWJpZ3VvdXMgdGFyZ2V0OiAyIHdpbmRvd3MgbWF0Y2ggLS1hcHAgXCJTYWZhcmlcIiIsCiAgICAiY2FuZGlkYXRlcyI6IFsKICAgICAgewogICAgICAgICJhcHBfbmFtZSI6ICJTYWZhcmkiLAogICAgICAgICJ0aXRsZSI6ICJHaXRIdWIiLAogICAgICAgICJwaWQiOiA1Njc4LAogICAgICAgICJ4IjogMCwKICAgICAgICAieSI6IDAsCiAgICAgICAgIndpZHRoIjogMTQ0MCwKICAgICAgICAiaGVpZ2h0IjogOTAwLAogICAgICAgICJzdGF0ZSI6ICJub3JtYWwiLAogICAgICAgICJzY3JlZW5faWQiOiA2OTY3ODU5MiwKICAgICAgICAic2NyZWVuX25hbWUiOiAiQnVpbHQtaW4gUmV0aW5hIERpc3BsYXkiCiAgICAgIH0sCiAgICAgIHsKICAgICAgICAiYXBwX25hbWUiOiAiU2FmYXJpIiwKICAgICAgICAidGl0bGUiOiAiQXBwbGUiLAogICAgICAgICJwaWQiOiA1Njc4LAogICAgICAgICJ4IjogMCwKICAgICAgICAieSI6IDAsCiAgICAgICAgIndpZHRoIjogMTIwMCwKICAgICAgICAiaGVpZ2h0IjogODAwLAogICAgICAgICJzdGF0ZSI6ICJtaW5pbWl6ZWQiLAogICAgICAgICJzY3JlZW5faWQiOiAwLAogICAgICAgICJzY3JlZW5fbmFtZSI6ICIiCiAgICAgIH0KICAgIF0KICB9Cn0K"