"ewogICJzY2hlbWFfdmVyc2lvbiI6IDEsCiAgInN1Y2Nlc3MiOiB0cnVlLAogICJhZmZlY3RlZCI6IFsKICAgIHsKICAgICAgImFwcF9uYW1lIjogIlRlcm1pbmFsIiwKICAgICAgInRpdGxlIjogInBlYWNvY2sg4oCUIHpzaCDigJQgODDDlzI0IiwKICAgICAgInBpZCI6IDEyMzQsCiAgICAgICJ4IjogMCwKICAgICAgInkiOiAwLAogICAgICAid2lkdGgiOiA4MDAsCiAgICAgICJoZWlnaHQiOiA2MDAsCiAgICAgICJzdGF0ZSI6ICJub3JtYWwiLAogICAgICAic2NyZWVuX2lkIjogNjk2Nzg1OTIsCiAgICAgICJzY3JlZW5fbmFtZSI6ICJCdWlsdC1pbiBSZXRpbmEgRGlzcGxheSIKICAgIH0KICBdCn0K"