"ewogICJzY2hlbWFfdmVyc2lvbiI6IDEsCiAgInN1Y2Nlc3MiOiB0cnVlLAogICJwcmVzZXQiOiB7CiAgICAibmFtZSI6ICJjb2RpbmciLAogICAgImRlc2NyaXB0aW9uIjogIkVkaXRvciBsZWZ0LCB0ZXJtaW5hbCByaWdodCIsCiAgICAicnVsZXMiOiBbCiAgICAgIHsKICAgICAgICAiYXBwIjogIkNvZGUiLAogICAgICAgICJwb3NpdGlvbiI6IFsKICAgICAgICAgIDAsCiAgICAgICAgICAwCiAgICAgICAgXSwKICAgICAgICAic2l6ZSI6IFsKICAgICAgICAgIDk2MCwKICAgICAgICAgIDEwODAKICAgICAgICBdCiAgICAgIH0sCiAgICAgIHsKICAgICAgICAiYXBwIjogIlRlcm1pbmFsIiwKICAgICAgICAicG9zaXRpb24iOiBbCiAgICAgICAgICA5NjAsCiAgICAgICAgICAwCiAgICAgICAgXSwKICAgICAgICAic2l6ZSI6IFsKICAgICAgICAgIDk2MCwKICAgICAgICAgIDEwODAKICAgICAgICBdCiAgICAgIH0KICAgIF0KICB9Cn0K"