"ewogICJzY2hlbWFfdmVyc2lvbiI6IDEsCiAgInN1Y2Nlc3MiOiB0cnVlLAogICJwcmVzZXRzIjogWwogICAgewogICAgICAibmFtZSI6ICJjb2RpbmciLAogICAgICAiZGVzY3JpcHRpb24iOiAiRWRpdG9yIGxlZnQsIHRlcm1pbmFsIHJpZ2h0IiwKICAgICAgInJ1bGVfY291bnQiOiAyCiAgICB9LAogICAgewogICAgICAibmFtZSI6ICJtZWV0aW5nIiwKICAgICAgImRlc2NyaXB0aW9uIjogIkJyb3dzZXIgY2VudGVyLCBub3RlcyByaWdodCIsCiAgICAgICJydWxlX2NvdW50IjogMgogICAgfQogIF0KfQo="